// Jest Snapshot v1, https://goo.gl/fbAQLP

exports[`should pass a selected value to the onChange function 1`] = `
<div
  className="app-container"
>
  <h1>
    Enter a Number to convert it to a Roman Numeral
  </h1>
  <div
    className="user-elements"
  >
    <input
      name="userInput"
      onChange={[Function]}
      placeholder="Enter a number"
      type="number"
    />
    <button
      id="convert-button"
      onClick={[Function]}
    >
      Convert
    </button>
  </div>
  <h1
    className="converted-number"
  >
    Your Number as A Roman Numeral is :
  </h1>
</div>
`;
